[18:51:50] [ServerMain/INFO]: [bootstrap] Running Java 24 (OpenJDK 64-Bit Server VM 24.0.2+12; Azul Systems, Inc. Zulu24.32+13-CA) on Linux 6.8.0-1052-azure (amd64)
[18:51:50] [ServerMain/INFO]: [bootstrap] Loading Paper 1.21.11-132-ver/1.21.11@c5eb079 (2026-05-11T11:43:09Z) for Minecraft 1.21.11
[18:51:50] [ServerMain/INFO]: [PluginInitializerManager] Initializing plugins...
[18:51:50] [ServerMain/INFO]: [PluginInitializerManager] Initialized 0 plugins
[18:52:03] [ServerMain/INFO]: Environment: Environment[sessionHost=https://sessionserver.mojang.com, servicesHost=https://api.minecraftservices.com, profilesHost=https://api.mojang.com, name=PROD]
[18:52:03] [ServerMain/INFO]: Found new data pack file/bukkit, loading it automatically
[18:52:03] [ServerMain/INFO]: Found new data pack paper, loading it automatically
[18:52:05] [ServerMain/INFO]: No existing world data, creating new world
[18:52:06] [ServerMain/INFO]: Loaded 1470 recipes
[18:52:06] [ServerMain/INFO]: Loaded 1584 advancements
[18:52:06] [ServerMain/INFO]: [ca.spottedleaf.dataconverter.minecraft.datatypes.MCTypeRegistry] Initialising converters for DataConverter...
[18:52:08] [ServerMain/INFO]: [ca.spottedleaf.dataconverter.minecraft.datatypes.MCTypeRegistry] Finished initialising converters for DataConverter in 1,338.1ms
[18:52:08] [Server thread/INFO]: Starting minecraft server version 1.21.11
[18:52:08] [Server thread/WARN]: ****************************
[18:52:08] [Server thread/WARN]: YOU ARE RUNNING THIS SERVER AS AN ADMINISTRATIVE OR ROOT USER. THIS IS NOT ADVISED.
[18:52:08] [Server thread/WARN]: YOU ARE OPENING YOURSELF UP TO POTENTIAL RISKS WHEN DOING THIS.
[18:52:08] [Server thread/WARN]: FOR MORE INFORMATION, SEE https://madelinemiller.dev/blog/root-minecraft-server/
[18:52:08] [Server thread/WARN]: ****************************
[18:52:08] [Server thread/INFO]: Loading properties
[18:52:08] [Server thread/INFO]: This server is running Paper version 1.21.11-132-ver/1.21.11@c5eb079 (2026-05-11T11:43:09Z) (Implementing API version 1.21.11-R0.1-SNAPSHOT)
[18:52:08] [Server thread/INFO]: [spark] This server bundles the spark profiler. For more information please visit https://docs.papermc.io/paper/profiling
[18:52:08] [Server thread/INFO]: Server Ping Player Sample Count: 12
[18:52:08] [Server thread/INFO]: Using 4 threads for Netty based IO
[18:52:09] [Server thread/INFO]: [MoonriseCommon] Paper is using 1 worker threads, 1 I/O threads
[18:52:10] [Server thread/INFO]: Default game type: SURVIVAL
[18:52:10] [Server thread/INFO]: Generating keypair
[18:52:10] [Server thread/INFO]: Starting Minecraft server on *:25565
[18:52:11] [Server thread/INFO]: Paper: Using libdeflate (Linux x86_64) compression from Velocity.
[18:52:11] [Server thread/INFO]: Paper: Using OpenSSL 1.1.x (Linux x86_64) cipher from Velocity.
[18:52:11] [Server thread/INFO]: Preparing level "world"
[18:52:11] [Server thread/INFO]: Selecting spawn point for world 'minecraft:overworld'...
[18:52:22] [Server thread/INFO]: Selecting spawn point for world 'minecraft:the_nether'...
[18:52:26] [Server thread/INFO]: Selecting spawn point for world 'minecraft:the_end'...
[18:52:26] [Server thread/INFO]: Loading 0 persistent chunks for world 'minecraft:overworld'...
[18:52:26] [Server thread/INFO]: Preparing spawn area: 100%
[18:52:26] [Server thread/INFO]: Prepared spawn area in 14959 ms
[18:52:26] [Server thread/INFO]: Loading 0 persistent chunks for world 'minecraft:the_nether'...
[18:52:26] [Server thread/INFO]: Preparing spawn area: 100%
[18:52:26] [Server thread/INFO]: Prepared spawn area in 4026 ms
[18:52:26] [Server thread/INFO]: Loading 0 persistent chunks for world 'minecraft:the_end'...
[18:52:26] [Server thread/INFO]: Preparing spawn area: 100%
[18:52:26] [Server thread/INFO]: Prepared spawn area in 684 ms
[18:52:26] [Server thread/INFO]: Done preparing level "world" (15.772s)
[18:52:27] [Server thread/INFO]: [spark] Starting background profiler...
[18:52:27] [Server thread/INFO]: Running delayed init tasks
[18:52:27] [Server thread/INFO]: Done (39.664s)! For help, type "help"
[18:52:27] [Server thread/INFO]: *************************************************************************************
[18:52:27] [Server thread/INFO]: This is the first time you're starting this server.
[18:52:27] [Server thread/INFO]: It's recommended you read our 'Getting Started' documentation for guidance.
[18:52:27] [Server thread/INFO]: View this and more helpful information here: https://docs.papermc.io/paper/next-steps
[18:52:27] [Server thread/INFO]: *************************************************************************************
[18:52:28] [Paper Async Task Handler Thread - 1/WARN]: *************************************************************************************
[18:52:28] [Paper Async Task Handler Thread - 1/WARN]: You are running the latest build for your Minecraft version (1.21.11)
[18:52:28] [Paper Async Task Handler Thread - 1/WARN]: However, you are 2 release(s) behind the latest stable release (26.1.2)!
[18:52:28] [Paper Async Task Handler Thread - 1/WARN]: It is recommended that you update as soon as possible
[18:52:28] [Paper Async Task Handler Thread - 1/WARN]: https://papermc.io/downloads/paper
[18:52:28] [Paper Async Task Handler Thread - 1/WARN]: *************************************************************************************
